../Core/Src/main.c:73:5:main	8	static
../Core/Src/main.c:131:6:SystemClock_Config	88	static
../Core/Src/main.c:173:13:MX_CRC_Init	8	static
../Core/Src/main.c:199:13:MX_USART2_UART_Init	8	static
../Core/Src/main.c:232:13:MX_USART3_UART_Init	8	static
../Core/Src/main.c:265:13:MX_GPIO_Init	40	static
../Core/Src/main.c:303:6:goto_bootloader_mode	8	static
../Core/Src/main.c:322:6:goto_user_app	16	static
../Core/Src/main.c:337:6:debug_msg	112	static
../Core/Src/main.c:348:6:bootloader_version_handler	24	static
../Core/Src/main.c:369:6:bootloader_send_ack	24	static
../Core/Src/main.c:376:6:bootloader_send_nack	16	static
../Core/Src/main.c:381:9:bootloader_verify_crc	40	static
../Core/Src/main.c:400:6:Error_Handler	4	static,ignoring_inline_asm
